Archive member included because of file (symbol)

C:/usr/xtensa/XtDevTools/install/builds/RI-2019.1-win32/nxp_rt600_RI2019_newlib/xtensa-elf/arch/lib/\libxos.a(xos.o)
                              user/main.o (xos_register_interrupt_handler)
C:/usr/xtensa/XtDevTools/install/builds/RI-2019.1-win32/nxp_rt600_RI2019_newlib/xtensa-elf/arch/lib/\libxos.a(xos_exc_handler.o)
                              C:/usr/xtensa/XtDevTools/install/builds/RI-2019.1-win32/nxp_rt600_RI2019_newlib/xtensa-elf/arch/lib/\libxos.a(xos.o) (_xos_exc_handler_table)
C:/usr/xtensa/XtDevTools/install/builds/RI-2019.1-win32/nxp_rt600_RI2019_newlib/xtensa-elf/arch/lib/\libxos.a(xos_int_table.o)
                              C:/usr/xtensa/XtDevTools/install/builds/RI-2019.1-win32/nxp_rt600_RI2019_newlib/xtensa-elf/arch/lib/\libxos.a(xos.o) (xos_intlevel_mask)
C:/usr/xtensa/XtDevTools/install/builds/RI-2019.1-win32/nxp_rt600_RI2019_newlib/xtensa-elf/arch/lib/\libxos.a(xos_start_main.o)
                              user/main.o (xos_start_main)
C:/usr/xtensa/XtDevTools/install/builds/RI-2019.1-win32/nxp_rt600_RI2019_newlib/xtensa-elf/arch/lib/\libxos.a(xos_thread.o)
                              C:/usr/xtensa/XtDevTools/install/builds/RI-2019.1-win32/nxp_rt600_RI2019_newlib/xtensa-elf/arch/lib/\libxos.a(xos.o) (xos_idle_thread)
C:/usr/xtensa/XtDevTools/install/builds/RI-2019.1-win32/nxp_rt600_RI2019_newlib/xtensa-elf/arch/lib/\libxos.a(xos_timer.o)
                              user/main.o (xos_clock_freq)
C:/usr/xtensa/XtDevTools/install/builds/RI-2019.1-win32/nxp_rt600_RI2019_newlib/xtensa-elf/arch/lib/\libxos.a(xos_handlers.o)
                              C:/usr/xtensa/XtDevTools/install/builds/RI-2019.1-win32/nxp_rt600_RI2019_newlib/xtensa-elf/arch/lib/\libxos.a(xos.o) (xos_hp_dispatch_table)
C:/usr/xtensa/XtDevTools/install/builds/RI-2019.1-win32/nxp_rt600_RI2019_newlib/xtensa-elf/arch/lib/\libxos.a(xos_int_stack.o)
                              C:/usr/xtensa/XtDevTools/install/builds/RI-2019.1-win32/nxp_rt600_RI2019_newlib/xtensa-elf/arch/lib/\libxos.a(xos_handlers.o) (xos_int_stack_end)
C:/usr/xtensa/XtDevTools/install/builds/RI-2019.1-win32/nxp_rt600_RI2019_newlib/xtensa-elf/arch/lib/\libxos.a(xos_vectors.o)
                              C:/usr/xtensa/XtDevTools/install/builds/RI-2019.1-win32/nxp_rt600_RI2019_newlib/xtensa-elf/arch/lib/_vectors.o (_UserExceptionVector)
C:/usr/xtensa/XtDevTools/install/builds/RI-2019.1-win32/nxp_rt600_RI2019_newlib/xtensa-elf/arch/lib/\libxos.a(xos_window_vectors.o)
                              C:/usr/xtensa/XtDevTools/install/builds/RI-2019.1-win32/nxp_rt600_RI2019_newlib/xtensa-elf/arch/lib/_vectors.o (_WindowOverflow4)
C:/usr/xtensa/XtDevTools/install/builds/RI-2019.1-win32/nxp_rt600_RI2019_newlib/xtensa-elf/arch/lib/\libxos.a(xos_clib.o)
                              C:/usr/xtensa/XtDevTools/install/builds/RI-2019.1-win32/nxp_rt600_RI2019_newlib/xtensa-elf/arch/lib/\libxos.a(xos_thread.o) (xos_clib_init)
C:/usr/xtensa/XtDevTools/install/builds/RI-2019.1-win32/nxp_rt600_RI2019_newlib/xtensa-elf/arch/lib/\libxos.a(xos_coproc_handler.o)
                              C:/usr/xtensa/XtDevTools/install/builds/RI-2019.1-win32/nxp_rt600_RI2019_newlib/xtensa-elf/arch/lib/\libxos.a(xos_exc_handler.o) (_xos_coproc_handler)
C:/usr/xtensa/XtDevTools/install/builds/RI-2019.1-win32/nxp_rt600_RI2019_newlib/xtensa-elf/arch/lib/\libxos.a(xos_mutex.o)
                              C:/usr/xtensa/XtDevTools/install/builds/RI-2019.1-win32/nxp_rt600_RI2019_newlib/xtensa-elf/arch/lib/\libxos.a(xos_clib.o) (xos_mutex_create)
C:/usr/xtensa/XtDevTools/install/builds/RI-2019.1-win32/nxp_rt600_RI2019_newlib/xtensa-elf/arch/lib/\libxos.a(xos_once.o)
                              C:/usr/xtensa/XtDevTools/install/builds/RI-2019.1-win32/nxp_rt600_RI2019_newlib/xtensa-elf/arch/lib/\libxos.a(xos_thread.o) (xos_once_init)
C:/usr/xtensa/XtDevTools/install/builds/RI-2019.1-win32/nxp_rt600_RI2019_newlib/xtensa-elf/arch/lib/\libxos.a(xos_system_timer.o)
                              C:/usr/xtensa/XtDevTools/install/builds/RI-2019.1-win32/nxp_rt600_RI2019_newlib/xtensa-elf/arch/lib/\libxos.a(xos_timer.o) (xos_system_timer_set)
C:/usr/xtensa/XtDevTools/install/builds/RI-2019.1-win32/nxp_rt600_RI2019_newlib/xtensa-elf/lib/xcc/\libgcc.a(_muldi3.o)
                              MIMXRT685S/system_MIMXRT685S_dsp.o (__muldi3)
C:/usr/xtensa/XtDevTools/install/builds/RI-2019.1-win32/nxp_rt600_RI2019_newlib/xtensa-elf/lib/xcc/\libgcc.a(_udivdi3.o)
                              MIMXRT685S/system_MIMXRT685S_dsp.o (__udivdi3)
C:/usr/xtensa/XtDevTools/install/builds/RI-2019.1-win32/nxp_rt600_RI2019_newlib/xtensa-elf/lib/\libc.a(clibrary_init.o)
                              C:/usr/xtensa/XtDevTools/install/builds/RI-2019.1-win32/nxp_rt600_RI2019_newlib/xtensa-elf/arch/lib/crt1-boards.o (__clibrary_init)
C:/usr/xtensa/XtDevTools/install/builds/RI-2019.1-win32/nxp_rt600_RI2019_newlib/xtensa-elf/lib/\libc.a(lib_a-assert.o)
[...]
Memory Configuration

Name             Origin          Length          Used            Unused          Attributes
dsp_core_seg     0x00200000      0x00280000      0x0001dc38      0x002623c8      
dsp_uncached_seg 0x20040000      0x00040000      0x00000710      0x0003f8f0      
dram0_0_seg      0x24000000      0x00010000      0x0000000c      0x0000fff4      
iram0_0_seg      0x24020000      0x00000400      0x0000013c      0x000002c4      
iram0_1_seg      0x24020400      0x0000017c      0x0000016c      0x00000010      
iram0_2_seg      0x2402057c      0x00000020      0x0000001c      0x00000004      
iram0_3_seg      0x2402059c      0x00000020      0x0000000c      0x00000014      
iram0_4_seg      0x240205bc      0x00000020      0x0000000c      0x00000014      
iram0_5_seg      0x240205dc      0x00000020      0x0000000c      0x00000014      
iram0_6_seg      0x240205fc      0x00000020      0x0000000c      0x00000014      
iram0_7_seg      0x2402061c      0x00000020      0x00000018      0x00000008      
iram0_8_seg      0x2402063c      0x0000f9c4      0x00000008      0x0000f9bc      
*default*        0x00000000      0xffffffff      
