Archive member included because of file (symbol)

C:/usr/xtensa/XtDevTools/install/builds/RI-2019.1-win32/nxp_rt600_RI2019_newlib/xtensa-elf/arch/lib/\libxos.a(xos.o)
                              user/main.o (xos_register_interrupt_handler)
C:/usr/xtensa/XtDevTools/install/builds/RI-2019.1-win32/nxp_rt600_RI2019_newlib/xtensa-elf/arch/lib/\libxos.a(xos_exc_handler.o)
                              C:/usr/xtensa/XtDevTools/install/builds/RI-2019.1-win32/nxp_rt600_RI2019_newlib/xtensa-elf/arch/lib/\libxos.a(xos.o) (_xos_exc_handler_table)
C:/usr/xtensa/XtDevTools/install/builds/RI-2019.1-win32/nxp_rt600_RI2019_newlib/xtensa-elf/arch/lib/\libxos.a(xos_int_table.o)
                              C:/usr/xtensa/XtDevTools/install/builds/RI-2019.1-win32/nxp_rt600_RI2019_newlib/xtensa-elf/arch/lib/\libxos.a(xos.o) (xos_intlevel_mask)
C:/usr/xtensa/XtDevTools/install/builds/RI-2019.1-win32/nxp_rt600_RI2019_newlib/xtensa-elf/arch/lib/\libxos.a(xos_start_main.o)
                              user/main.o (xos_start_main)
C:/usr/xtensa/XtDevTools/install/builds/RI-2019.1-win32/nxp_rt600_RI2019_newlib/xtensa-elf/arch/lib/\libxos.a(xos_thread.o)
                              C:/usr/xtensa/XtDevTools/install/builds/RI-2019.1-win32/nxp_rt600_RI2019_newlib/xtensa-elf/arch/lib/\libxos.a(xos.o) (xos_idle_thread)
C:/usr/xtensa/XtDevTools/install/builds/RI-2019.1-win32/nxp_rt600_RI2019_newlib/xtensa-elf/arch/lib/\libxos.a(xos_timer.o)
                              user/main.o (xos_clock_freq)
C:/usr/xtensa/XtDevTools/install/builds/RI-2019.1-win32/nxp_rt600_RI2019_newlib/xtensa-elf/arch/lib/\libxos.a(xos_handlers.o)
                              C:/usr/xtensa/XtDevTools/install/builds/RI-2019.1-win32/nxp_rt600_RI2019_newlib/xtensa-elf/arch/lib/\libxos.a(xos.o) (xos_hp_dispatch_table)
C:/usr/xtensa/XtDevTools/install/builds/RI-2019.1-win32/nxp_rt600_RI2019_newlib/xtensa-elf/arch/lib/\libxos.a(xos_int_stack.o)
                              C:/usr/xtensa/XtDevTools/install/builds/RI-2019.1-win32/nxp_rt600_RI2019_newlib/xtensa-elf/arch/lib/\libxos.a(xos_handlers.o) (xos_int_stack_end)
C:/usr/xtensa/XtDevTools/install/builds/RI-2019.1-win32/nxp_rt600_RI2019_newlib/xtensa-elf/arch/lib/\libxos.a(xos_window_vectors.o)
                              C:/usr/xtensa/XtDevTools/install/builds/RI-2019.1-win32/nxp_rt600_RI2019_newlib/xtensa-elf/arch/lib/\libxos.a(xos_exc_handler.o) (_xos_alloca_handler)
C:/usr/xtensa/XtDevTools/install/builds/RI-2019.1-win32/nxp_rt600_RI2019_newlib/xtensa-elf/arch/lib/\libxos.a(xos_clib.o)
                              C:/usr/xtensa/XtDevTools/install/builds/RI-2019.1-win32/nxp_rt600_RI2019_newlib/xtensa-elf/arch/lib/\libxos.a(xos_thread.o) (xos_clib_init)
C:/usr/xtensa/XtDevTools/install/builds/RI-2019.1-win32/nxp_rt600_RI2019_newlib/xtensa-elf/arch/lib/\libxos.a(xos_coproc_handler.o)
                              C:/usr/xtensa/XtDevTools/install/builds/RI-2019.1-win32/nxp_rt600_RI2019_newlib/xtensa-elf/arch/lib/\libxos.a(xos_exc_handler.o) (_xos_coproc_handler)
C:/usr/xtensa/XtDevTools/install/builds/RI-2019.1-win32/nxp_rt600_RI2019_newlib/xtensa-elf/arch/lib/\libxos.a(xos_mutex.o)
                              C:/usr/xtensa/XtDevTools/install/builds/RI-2019.1-win32/nxp_rt600_RI2019_newlib/xtensa-elf/arch/lib/\libxos.a(xos_clib.o) (xos_mutex_create)
C:/usr/xtensa/XtDevTools/install/builds/RI-2019.1-win32/nxp_rt600_RI2019_newlib/xtensa-elf/arch/lib/\libxos.a(xos_once.o)
                              C:/usr/xtensa/XtDevTools/install/builds/RI-2019.1-win32/nxp_rt600_RI2019_newlib/xtensa-elf/arch/lib/\libxos.a(xos_thread.o) (xos_once_init)
C:/usr/xtensa/XtDevTools/install/builds/RI-2019.1-win32/nxp_rt600_RI2019_newlib/xtensa-elf/arch/lib/\libxos.a(xos_system_timer.o)
                              C:/usr/xtensa/XtDevTools/install/builds/RI-2019.1-win32/nxp_rt600_RI2019_newlib/xtensa-elf/arch/lib/\libxos.a(xos_timer.o) (xos_system_timer_set)

Linker script and memory map

LOAD MIMXRT685S/system_MIMXRT685S_dsp.o
LOAD board/pin_mux.o
LOAD component/lists/generic_list.o
LOAD component/serial_manager/serial_manager.o
LOAD component/serial_manager/serial_port_uart.o
LOAD component/uart/usart_adapter.o
LOAD drivers/fsl_clock.o
LOAD drivers/fsl_common.o
LOAD drivers/fsl_flexcomm.o
LOAD drivers/fsl_gpio.o
LOAD drivers/fsl_reset.o
LOAD drivers/fsl_usart.o
LOAD drivers_audio/fsl_dma.o
LOAD drivers_audio/fsl_dmic.o
LOAD drivers_audio/fsl_dmic_dma.o
LOAD drivers_audio/fsl_i2s.o
LOAD drivers_audio/fsl_i2s_dma.o
LOAD drivers_audio/fsl_inputmux.o
LOAD evkmimxrt685/board_hifi4.o
LOAD user/main.o
LOAD user/user_pin_mux.o
LOAD utilities/fsl_debug_console.o
LOAD utilities/fsl_str.o
LOAD C:/usr/xtensa/XtDevTools/install/builds/RI-2019.1-win32/nxp_rt600_RI2019_newlib/xtensa-elf/arch/lib/\libxos.a

.text           0x00000000     0xc521
 *(.literal .text)
 .literal       0x00000000       0x30 MIMXRT685S/system_MIMXRT685S_dsp.o
                                         0x74 (size before relaxing)
[...]
Memory Configuration

Name             Origin          Length          Used            Unused          Attributes
*default*        0x00000000      0xffffffff      
