###############################################################################
#
# IAR ELF Linker V8.50.1.245/W32 for ARM                  17/Jun/2020  15:38:47
# Copyright 2007-2020 IAR Systems AB.
#
#    Output file  =
#        C:\Users\nxf55062\Documents\MCU_SDK\RT600\SDK_2.8.0_EVK-MIMXRT685_RC2_0\boards\evkmimxrt685\dsp_examples\eight_channel_dmic_i2s_playback\cm33\iar\debug\dsp_hello_world_usart_cm33.out
#    Map file     =
#        C:\Users\nxf55062\Documents\MCU_SDK\RT600\SDK_2.8.0_EVK-MIMXRT685_RC2_0\boards\evkmimxrt685\dsp_examples\eight_channel_dmic_i2s_playback\cm33\iar\debug\list\dsp_hello_world_usart_cm33.map
#    Command line =
#        -f C:\Users\nxf55062\AppData\Local\Temp\1\EWBEED.tmp
#        (C:\Users\nxf55062\Documents\MCU_SDK\RT600\SDK_2.8.0_EVK-MIMXRT685_RC2_0\boards\evkmimxrt685\dsp_examples\eight_channel_dmic_i2s_playback\cm33\iar\debug\obj\board.o
#        C:\Users\nxf55062\Documents\MCU_SDK\RT600\SDK_2.8.0_EVK-MIMXRT685_RC2_0\boards\evkmimxrt685\dsp_examples\eight_channel_dmic_i2s_playback\cm33\iar\debug\obj\clock_config.o
#        C:\Users\nxf55062\Documents\MCU_SDK\RT600\SDK_2.8.0_EVK-MIMXRT685_RC2_0\boards\evkmimxrt685\dsp_examples\eight_channel_dmic_i2s_playback\cm33\iar\debug\obj\dsp_support.o
#        C:\Users\nxf55062\Documents\MCU_SDK\RT600\SDK_2.8.0_EVK-MIMXRT685_RC2_0\boards\evkmimxrt685\dsp_examples\eight_channel_dmic_i2s_playback\cm33\iar\debug\obj\flash_config.o
#        C:\Users\nxf55062\Documents\MCU_SDK\RT600\SDK_2.8.0_EVK-MIMXRT685_RC2_0\boards\evkmimxrt685\dsp_examples\eight_channel_dmic_i2s_playback\cm33\iar\debug\obj\flexcomm_i2c_adapter.o
#        C:\Users\nxf55062\Documents\MCU_SDK\RT600\SDK_2.8.0_EVK-MIMXRT685_RC2_0\boards\evkmimxrt685\dsp_examples\eight_channel_dmic_i2s_playback\cm33\iar\debug\obj\fsl_assert.o
#        C:\Users\nxf55062\Documents\MCU_SDK\RT600\SDK_2.8.0_EVK-MIMXRT685_RC2_0\boards\evkmimxrt685\dsp_examples\eight_channel_dmic_i2s_playback\cm33\iar\debug\obj\fsl_cache.o
#        C:\Users\nxf55062\Documents\MCU_SDK\RT600\SDK_2.8.0_EVK-MIMXRT685_RC2_0\boards\evkmimxrt685\dsp_examples\eight_channel_dmic_i2s_playback\cm33\iar\debug\obj\fsl_clock.o
#        C:\Users\nxf55062\Documents\MCU_SDK\RT600\SDK_2.8.0_EVK-MIMXRT685_RC2_0\boards\evkmimxrt685\dsp_examples\eight_channel_dmic_i2s_playback\cm33\iar\debug\obj\fsl_codec_adapter.o
#        C:\Users\nxf55062\Documents\MCU_SDK\RT600\SDK_2.8.0_EVK-MIMXRT685_RC2_0\boards\evkmimxrt685\dsp_examples\eight_channel_dmic_i2s_playback\cm33\iar\debug\obj\fsl_codec_common.o
#        C:\Users\nxf55062\Documents\MCU_SDK\RT600\SDK_2.8.0_EVK-MIMXRT685_RC2_0\boards\evkmimxrt685\dsp_examples\eight_channel_dmic_i2s_playback\cm33\iar\debug\obj\fsl_codec_i2c.o
#        C:\Users\nxf55062\Documents\MCU_SDK\RT600\SDK_2.8.0_EVK-MIMXRT685_RC2_0\boards\evkmimxrt685\dsp_examples\eight_channel_dmic_i2s_playback\cm33\iar\debug\obj\fsl_common.o
#        C:\Users\nxf55062\Documents\MCU_SDK\RT600\SDK_2.8.0_EVK-MIMXRT685_RC2_0\boards\evkmimxrt685\dsp_examples\eight_channel_dmic_i2s_playback\cm33\iar\debug\obj\fsl_cs42888.o
#        C:\Users\nxf55062\Documents\MCU_SDK\RT600\SDK_2.8.0_EVK-MIMXRT685_RC2_0\boards\evkmimxrt685\dsp_examples\eight_channel_dmic_i2s_playback\cm33\iar\debug\obj\fsl_debug_console.o
#        C:\Users\nxf55062\Documents\MCU_SDK\RT600\SDK_2.8.0_EVK-MIMXRT685_RC2_0\boards\evkmimxrt685\dsp_examples\eight_channel_dmic_i2s_playback\cm33\iar\debug\obj\fsl_dsp.o
#        C:\Users\nxf55062\Documents\MCU_SDK\RT600\SDK_2.8.0_EVK-MIMXRT685_RC2_0\boards\evkmimxrt685\dsp_examples\eight_channel_dmic_i2s_playback\cm33\iar\debug\obj\fsl_flexcomm.o
#        C:\Users\nxf55062\Documents\MCU_SDK\RT600\SDK_2.8.0_EVK-MIMXRT685_RC2_0\boards\evkmimxrt685\dsp_examples\eight_channel_dmic_i2s_playback\cm33\iar\debug\obj\fsl_flexspi.o
#        C:\Users\nxf55062\Documents\MCU_SDK\RT600\SDK_2.8.0_EVK-MIMXRT685_RC2_0\boards\evkmimxrt685\dsp_examples\eight_channel_dmic_i2s_playback\cm33\iar\debug\obj\fsl_gpio.o
#        C:\Users\nxf55062\Documents\MCU_SDK\RT600\SDK_2.8.0_EVK-MIMXRT685_RC2_0\boards\evkmimxrt685\dsp_examples\eight_channel_dmic_i2s_playback\cm33\iar\debug\obj\fsl_i2c.o
#        C:\Users\nxf55062\Documents\MCU_SDK\RT600\SDK_2.8.0_EVK-MIMXRT685_RC2_0\boards\evkmimxrt685\dsp_examples\eight_channel_dmic_i2s_playback\cm33\iar\debug\obj\fsl_inputmux.o
#        C:\Users\nxf55062\Documents\MCU_SDK\RT600\SDK_2.8.0_EVK-MIMXRT685_RC2_0\boards\evkmimxrt685\dsp_examples\eight_channel_dmic_i2s_playback\cm33\iar\debug\obj\fsl_pca9420.o
#        C:\Users\nxf55062\Documents\MCU_SDK\RT600\SDK_2.8.0_EVK-MIMXRT685_RC2_0\boards\evkmimxrt685\dsp_examples\eight_channel_dmic_i2s_playback\cm33\iar\debug\obj\fsl_power.o
#        C:\Users\nxf55062\Documents\MCU_SDK\RT600\SDK_2.8.0_EVK-MIMXRT685_RC2_0\boards\evkmimxrt685\dsp_examples\eight_channel_dmic_i2s_playback\cm33\iar\debug\obj\fsl_reset.o
#        C:\Users\nxf55062\Documents\MCU_SDK\RT600\SDK_2.8.0_EVK-MIMXRT685_RC2_0\boards\evkmimxrt685\dsp_examples\eight_channel_dmic_i2s_playback\cm33\iar\debug\obj\fsl_str.o
#        C:\Users\nxf55062\Documents\MCU_SDK\RT600\SDK_2.8.0_EVK-MIMXRT685_RC2_0\boards\evkmimxrt685\dsp_examples\eight_channel_dmic_i2s_playback\cm33\iar\debug\obj\fsl_usart.o
#        C:\Users\nxf55062\Documents\MCU_SDK\RT600\SDK_2.8.0_EVK-MIMXRT685_RC2_0\boards\evkmimxrt685\dsp_examples\eight_channel_dmic_i2s_playback\cm33\iar\debug\obj\generic_list.o
#        C:\Users\nxf55062\Documents\MCU_SDK\RT600\SDK_2.8.0_EVK-MIMXRT685_RC2_0\boards\evkmimxrt685\dsp_examples\eight_channel_dmic_i2s_playback\cm33\iar\debug\obj\main_cm.o
#        C:\Users\nxf55062\Documents\MCU_SDK\RT600\SDK_2.8.0_EVK-MIMXRT685_RC2_0\boards\evkmimxrt685\dsp_examples\eight_channel_dmic_i2s_playback\cm33\iar\debug\obj\pin_mux.o
#        C:\Users\nxf55062\Documents\MCU_SDK\RT600\SDK_2.8.0_EVK-MIMXRT685_RC2_0\boards\evkmimxrt685\dsp_examples\eight_channel_dmic_i2s_playback\cm33\iar\debug\obj\pmic_support.o
#        C:\Users\nxf55062\Documents\MCU_SDK\RT600\SDK_2.8.0_EVK-MIMXRT685_RC2_0\boards\evkmimxrt685\dsp_examples\eight_channel_dmic_i2s_playback\cm33\iar\debug\obj\serial_manager.o
#        C:\Users\nxf55062\Documents\MCU_SDK\RT600\SDK_2.8.0_EVK-MIMXRT685_RC2_0\boards\evkmimxrt685\dsp_examples\eight_channel_dmic_i2s_playback\cm33\iar\debug\obj\serial_port_uart.o
#        C:\Users\nxf55062\Documents\MCU_SDK\RT600\SDK_2.8.0_EVK-MIMXRT685_RC2_0\boards\evkmimxrt685\dsp_examples\eight_channel_dmic_i2s_playback\cm33\iar\debug\obj\startup_MIMXRT685S_cm33.o
#        C:\Users\nxf55062\Documents\MCU_SDK\RT600\SDK_2.8.0_EVK-MIMXRT685_RC2_0\boards\evkmimxrt685\dsp_examples\eight_channel_dmic_i2s_playback\cm33\iar\debug\obj\system_MIMXRT685S_cm33.o
#        C:\Users\nxf55062\Documents\MCU_SDK\RT600\SDK_2.8.0_EVK-MIMXRT685_RC2_0\boards\evkmimxrt685\dsp_examples\eight_channel_dmic_i2s_playback\cm33\iar\debug\obj\usart_adapter.o
#        --no_out_extension -o
#        C:\Users\nxf55062\Documents\MCU_SDK\RT600\SDK_2.8.0_EVK-MIMXRT685_RC2_0\boards\evkmimxrt685\dsp_examples\eight_channel_dmic_i2s_playback\cm33\iar\debug\dsp_hello_world_usart_cm33.out
#        --map
#        C:\Users\nxf55062\Documents\MCU_SDK\RT600\SDK_2.8.0_EVK-MIMXRT685_RC2_0\boards\evkmimxrt685\dsp_examples\eight_channel_dmic_i2s_playback\cm33\iar\debug\list\dsp_hello_world_usart_cm33.map
#        --config
#        C:\Users\nxf55062\Documents\MCU_SDK\RT600\SDK_2.8.0_EVK-MIMXRT685_RC2_0\boards\evkmimxrt685\dsp_examples\eight_channel_dmic_i2s_playback\cm33\iar/MIMXRT685Sxxxx_cm33_ram.icf
#        --image_input=C:\Users\nxf55062\Documents\MCU_SDK\RT600\SDK_2.8.0_EVK-MIMXRT685_RC2_0\boards\evkmimxrt685\dsp_examples\eight_channel_dmic_i2s_playback\cm33\iar/../../dsp/binary/dsp_text_release.bin,__dsp_text_bin,__dsp_text_section,4
#        --keep=__dsp_text_bin
#        --image_input=C:\Users\nxf55062\Documents\MCU_SDK\RT600\SDK_2.8.0_EVK-MIMXRT685_RC2_0\boards\evkmimxrt685\dsp_examples\eight_channel_dmic_i2s_playback\cm33\iar/../../dsp/binary/dsp_data_release.bin,__dsp_data_bin,__dsp_data_section,4
#        --keep=__dsp_data_bin --semihosting
#        C:\Users\nxf55062\Documents\MCU_SDK\RT600\SDK_2.8.0_EVK-MIMXRT685_RC2_0\boards\evkmimxrt685\dsp_examples\eight_channel_dmic_i2s_playback\cm33\iar/../../../../../../devices/MIMXRT685S/iar/iar_lib_power.a
#        --entry __iar_program_start --vfe --text_out locale)
#
###############################################################################

*******************************************************************************
*** RUNTIME MODEL ATTRIBUTES
***

CppFlavor       = *
__Heap_Handler  = DLMalloc
__SystemLibrary = DLib
__dlib_version  = 6


*******************************************************************************
*** HEAP SELECTION
***

The advanced heap was selected because the application calls memory
allocation functions outside of system library functions, and there
are calls to deallocation functions in the application.


*******************************************************************************
*** PLACEMENT SUMMARY
***

"A0":  place at address 0x7'f400 { ro section .flash_conf };
"A1":  place at address 0x8'0000 { ro section .intvec };
define block RO { ro };
"P1":  place in [from 0x8'0000 to 0x8'012f] |
                [from 0x8'0130 to 0x17'ffff] { block RO };
"P2":  place in [from 0x2018'0000 to 0x201f'fbff] {
          section CodeQuickAccess, section DataQuickAccess };
define block RW { rw };
"P3":  place in [from 0x2018'0000 to 0x201f'fbff] { block RW };
define block ZI { zi };
"P4":  place in [from 0x2018'0000 to 0x201f'fbff] { block ZI };
define block CSTACK with size = 1K, alignment = 8 { };
"P6":  place in [from 0x201f'fc00 to 0x201f'ffff] { block CSTACK };
initialize by copy {
   rw, section .textrw, section CodeQuickAccess, section DataQuickAccess };
keep { section .flash_conf };

No sections matched the following patterns:

  section m_usb_bdt     in "P7"
  section m_usb_global  in "P8"


  Section                 Kind         Address      Size  Object
  -------                 ----         -------      ----  ------
"A0":                                              0x200
  .flash_conf             const       0x7'f400     0x200  flash_config.o [2]
                                    - 0x7'f600     0x200

"A1":                                              0x130
  .intvec                 ro code     0x8'0000     0x130  startup_MIMXRT685S_cm33.o [2]
                                    - 0x8'0130     0x130

"P1":                                           0x3'173c
  RO                                  0x8'0130  0x3'173c  <Block>
    .rodata               const       0x8'0130       0x4  board.o [2]
    .rodata               const       0x8'0134      0x10  clock_config.o [2]
    .rodata               const       0x8'0144      0x10  clock_config.o [2]
    .rodata               const       0x8'0154      0x70  flexcomm_i2c_adapter.o [2]
    .rodata               const       0x8'01c4       0x8  flexcomm_i2c_adapter.o [2]
    .rodata               const       0x8'01cc       0x8  flexcomm_i2c_adapter.o [2]
    .rodata               const       0x8'01d4       0x8  flexcomm_i2c_adapter.o [2]
    .rodata               const       0x8'01dc      0x24  flexcomm_i2c_adapter.o [2]
    .rodata               const       0x8'0200      0x2c  fsl_assert.o [2]
    .rodata               const       0x8'022c      0x70  fsl_clock.o [2]
    .rodata               const       0x8'029c       0xc  fsl_clock.o [2]
    .rodata               const       0x8'02a8      0x18  fsl_clock.o [2]
    .rodata               const       0x8'02c0      0x8c  fsl_clock.o [2]
    .rodata               const       0x8'034c      0x8c  fsl_clock.o [2]
    .rodata               const       0x8'03d8      0x20  fsl_codec_adapter.o [2]
    .rodata               const       0x8'03f8      0x7c  fsl_codec_adapter.o [2]
    .rodata               const       0x8'0474       0xc  fsl_codec_adapter.o [2]
    .rodata               const       0x8'0480      0x20  fsl_codec_common.o [2]
    .rodata               const       0x8'04a0      0x6c  fsl_codec_common.o [2]
    .rodata               const       0x8'050c      0x10  fsl_common.o [2]
    .rodata               const       0x8'051c      0x70  fsl_common.o [2]
    .rodata               const       0x8'058c      0x18  fsl_common.o [2]
    .rodata               const       0x8'05a4       0xc  fsl_cs42888.o [2]
    .rodata               const       0x8'05b0      0x70  fsl_cs42888.o [2]
    .rodata               const       0x8'0620       0xc  fsl_cs42888.o [2]
    .rodata               const       0x8'062c      0x10  fsl_cs42888.o [2]
    .rodata               const       0x8'063c      0x38  fsl_cs42888.o [2]
    .rodata               const       0x8'0674      0x2c  fsl_cs42888.o [2]
    .rodata               const       0x8'06a0      0x2c  fsl_cs42888.o [2]
    .rodata               const       0x8'06cc      0x34  fsl_cs42888.o [2]
    .rodata               const       0x8'0700      0x10  fsl_cs42888.o [2]
    .rodata               const       0x8'0710       0x8  fsl_debug_console.o [2]
    .rodata               const       0x8'0718      0x88  fsl_debug_console.o [2]
    .rodata               const       0x8'07a0       0xc  fsl_debug_console.o [2]
    .rodata               const       0x8'07ac      0x28  fsl_debug_console.o [2]
    .rodata               const       0x8'07d4      0x10  fsl_debug_console.o [2]
    .rodata               const       0x8'07e4      0x14  fsl_dsp.o [2]
    .rodata               const       0x8'07f8      0x70  fsl_dsp.o [2]
    .rodata               const       0x8'0868      0x1c  fsl_dsp.o [2]
    .rodata               const       0x8'0884      0x1c  fsl_dsp.o [2]
    .rodata               const       0x8'08a0      0x70  fsl_flexcomm.o [2]
    .rodata               const       0x8'0910       0xc  fsl_flexcomm.o [2]
    .rodata               const       0x8'091c      0x74  fsl_flexcomm.o [2]
    .rodata               const       0x8'0990      0x18  fsl_flexcomm.o [2]
    .rodata               const       0x8'09a8      0x18  fsl_flexcomm.o [2]
    .rodata               const       0x8'09c0      0x18  fsl_flexcomm.o [2]
    .rodata               const       0x8'09d8      0x18  fsl_flexcomm.o [2]
    .rodata               const       0x8'09f0      0x18  fsl_flexcomm.o [2]
    .rodata               const       0x8'0a08      0x18  fsl_flexcomm.o [2]
    .rodata               const       0x8'0a20      0x18  fsl_flexcomm.o [2]
    .rodata               const       0x8'0a38      0x18  fsl_flexcomm.o [2]
    .rodata               const       0x8'0a50      0x20  fsl_flexcomm.o [2]
    .rodata               const       0x8'0a70      0x28  fsl_flexcomm.o [2]
    .rodata               const       0x8'0a98      0x14  fsl_flexcomm.o [2]
    .rodata               const       0x8'0aac      0x14  fsl_flexcomm.o [2]
    .rodata               const       0x8'0ac0      0x70  fsl_gpio.o [2]
    .rodata               const       0x8'0b30      0x40  fsl_gpio.o [2]
    .rodata               const       0x8'0b70      0x70  fsl_gpio.o [2]
    .rodata               const       0x8'0be0      0x10  fsl_gpio.o [2]
    .rodata               const       0x8'0bf0      0x10  fsl_gpio.o [2]
    .rodata               const       0x8'0c00      0x70  fsl_i2c.o [2]
    .rodata               const       0x8'0c70       0xc  fsl_i2c.o [2]
    .rodata               const       0x8'0c7c       0xc  fsl_i2c.o [2]
    .rodata               const       0x8'0c88       0xc  fsl_i2c.o [2]
    .rodata               const       0x8'0c94       0x8  fsl_pca9420.o [2]
    .rodata               const       0x8'0c9c      0x6c  fsl_pca9420.o [2]
    .rodata               const       0x8'0d08       0x8  fsl_pca9420.o [2]
    .rodata               const       0x8'0d10      0x1c  fsl_pca9420.o [2]
    .rodata               const       0x8'0d2c       0x8  fsl_pca9420.o [2]
    .rodata               const       0x8'0d34       0x8  fsl_pca9420.o [2]
    .rodata               const       0x8'0d3c      0x18  fsl_pca9420.o [2]
    .rodata               const       0x8'0d54      0x18  fsl_pca9420.o [2]
    .rodata               const       0x8'0d6c      0x10  fsl_reset.o [2]
    .rodata               const       0x8'0d7c      0x70  fsl_reset.o [2]
    .rodata               const       0x8'0dec      0x70  fsl_usart.o [2]
    .rodata               const       0x8'0e5c      0x38  fsl_usart.o [2]
    .rodata               const       0x8'0e94       0xc  fsl_usart.o [2]
    .rodata               const       0x8'0ea0      0x40  fsl_usart.o [2]
    .rodata               const       0x8'0ee0      0x20  fsl_usart.o [2]
    .rodata               const       0x8'0f00      0x70  main_cm.o [2]
    .rodata               const       0x8'0f70      0x40  main_cm.o [2]
    .rodata               const       0x8'0fb0      0x10  main_cm.o [2]
    .rodata               const       0x8'0fc0      0x18  main_cm.o [2]
    .rodata               const       0x8'0fd8      0x18  main_cm.o [2]
    .rodata               const       0x8'0ff0      0x18  main_cm.o [2]
    .rodata               const       0x8'1008      0x70  pin_mux.o [2]
    .rodata               const       0x8'1078       0x8  pmic_support.o [2]
    .rodata               const       0x8'1080       0xc  serial_manager.o [2]
    .rodata               const       0x8'108c      0x74  serial_manager.o [2]
    .rodata               const       0x8'1100       0x8  serial_manager.o [2]
    .rodata               const       0x8'1108       0x8  serial_manager.o [2]
    .rodata               const       0x8'1110       0x8  serial_manager.o [2]
    .rodata               const       0x8'1118       0xc  serial_manager.o [2]
    .rodata               const       0x8'1124       0x8  serial_manager.o [2]
    .rodata               const       0x8'112c      0x10  serial_manager.o [2]
    .rodata               const       0x8'113c      0x10  serial_port_uart.o [2]
    .rodata               const       0x8'114c      0x78  serial_port_uart.o [2]
    .rodata               const       0x8'11c4      0x10  serial_port_uart.o [2]
    .rodata               const       0x8'11d4       0x8  serial_port_uart.o [2]
    .rodata               const       0x8'11dc       0x8  serial_port_uart.o [2]
    .rodata               const       0x8'11e4       0x8  usart_adapter.o [2]
    .rodata               const       0x8'11ec      0x68  usart_adapter.o [2]
    .rodata               const       0x8'1254       0x8  usart_adapter.o [2]
    .rodata               const       0x8'125c      0x48  usart_adapter.o [2]
    .rodata               const       0x8'12a4      0x28  usart_adapter.o [2]
    .rodata               const       0x8'12cc       0x8  usart_adapter.o [2]
    .rodata               const       0x8'12d4       0x8  usart_adapter.o [2]
    .rodata               const       0x8'12dc      0x20  usart_adapter.o [2]
    .text                 ro code     0x8'12fc     0x288  board.o [2]
    .text                 ro code     0x8'1584     0xaf0  fsl_clock.o [2]
    .text                 ro code     0x8'2074     0x220  fsl_debug_console.o [2]
    .text                 ro code     0x8'2294      0x66  ABImemset.o [6]
    .rodata               const       0x8'22fa       0x2  main_cm.o [2]
    .text                 ro code     0x8'22fc     0x48c  fsl_i2c.o [2]
    .text                 ro code     0x8'2788     0x230  I64DivMod.o [6]
    .text                 ro code     0x8'29b8      0x1c  fsl_assert.o [2]
    .text                 ro code     0x8'29d4      0x70  fsl_common.o [2]
    .text                 ro code     0x8'2a44     0x22c  serial_manager.o [2]
    .text                 ro code     0x8'2c70      0x86  ABImemcpy.o [6]
    .text                 ro code     0x8'2cf6     0x4ac  fsl_str.o [2]
    .text                 ro code     0x8'31a2       0x2  startup_MIMXRT685S_cm33.o [2]
    .text                 ro code     0x8'31a4     0x36c  fsl_flexcomm.o [2]
    .text                 ro code     0x8'3510       0x2  I64DivZer.o [6]
    .text                 ro code     0x8'3512       0x2  startup_MIMXRT685S_cm33.o [2]
    .text                 ro code     0x8'3514      0xd4  serial_port_uart.o [2]
    .text                 ro code     0x8'35e8      0x36  strlen.o [6]
    .text                 ro code     0x8'361e       0x2  startup_MIMXRT685S_cm33.o [2]
    .text                 ro code     0x8'3620     0x19e  fsl_reset.o [2]
    .text                 ro code     0x8'37be       0x2  startup_MIMXRT685S_cm33.o [2]
    .text                 ro code     0x8'37c0     0x178  usart_adapter.o [2]
    .text                 ro code     0x8'3938     0x320  fsl_usart.o [2]
    .text                 ro code     0x8'3c58      0xe8  clock_config.o [2]
    .text                 ro code     0x8'3d40      0xd0  fsl_power_lib.o [4]
    .text                 ro code     0x8'3e10      0xa4  dsp_support.o [2]
    Veneer                ro code     0x8'3eb4       0x8  - Linker created -
    .text                 ro code     0x8'3ebc     0x144  pmic_support.o [2]
    .text                 ro code     0x8'4000      0xd0  fsl_dsp.o [2]
    .text                 ro code     0x8'40d0     0x678  fsl_pca9420.o [2]
    .text                 ro code     0x8'4748     0x138  flexcomm_i2c_adapter.o [2]
    .text                 ro code     0x8'4880      0x44  fsl_codec_adapter.o [2]
    .text                 ro code     0x8'48c4     0x51c  fsl_cs42888.o [2]
    .text                 ro code     0x8'4de0      0x9c  fsl_codec_i2c.o [2]
    .text                 ro code     0x8'4e7c      0x30  fsl_codec_common.o [2]
    .text                 ro code     0x8'4eac      0x1c  fsl_flexspi.o [2]
    .text                 ro code     0x8'4ec8     0x12e  fsl_gpio.o [2]
    .text                 ro code     0x8'4ff6       0x2  startup_MIMXRT685S_cm33.o [2]
    .text                 ro code     0x8'4ff8      0x16  fsl_inputmux.o [2]
    .text                 ro code     0x8'500e       0x2  startup_MIMXRT685S_cm33.o [2]
    .text                 ro code     0x8'5010     0x178  main_cm.o [2]
    .text                 ro code     0x8'5188     0x138  pin_mux.o [2]
    .text                 ro code     0x8'52c0      0x34  startup_MIMXRT685S_cm33.o [2]
    .text                 ro code     0x8'52f4       0x8  startup_MIMXRT685S_cm33.o [2]
    .text                 ro code     0x8'52fc       0x8  startup_MIMXRT685S_cm33.o [2]
    .text                 ro code     0x8'5304       0x8  startup_MIMXRT685S_cm33.o [2]
    .text                 ro code     0x8'530c       0x8  startup_MIMXRT685S_cm33.o [2]
    .text                 ro code     0x8'5314       0x8  startup_MIMXRT685S_cm33.o [2]
    .text                 ro code     0x8'531c       0x8  startup_MIMXRT685S_cm33.o [2]
    .text                 ro code     0x8'5324       0x8  startup_MIMXRT685S_cm33.o [2]
    .text                 ro code     0x8'532c       0x8  startup_MIMXRT685S_cm33.o [2]
    .text                 ro code     0x8'5334       0x8  startup_MIMXRT685S_cm33.o [2]
    .text                 ro code     0x8'533c       0x8  startup_MIMXRT685S_cm33.o [2]
    .text                 ro code     0x8'5344       0x8  startup_MIMXRT685S_cm33.o [2]
    .text                 ro code     0x8'534c       0x8  startup_MIMXRT685S_cm33.o [2]
    .text                 ro code     0x8'5354       0x8  startup_MIMXRT685S_cm33.o [2]
    .text                 ro code     0x8'535c       0x8  startup_MIMXRT685S_cm33.o [2]
    .text                 ro code     0x8'5364       0x8  startup_MIMXRT685S_cm33.o [2]
    .text                 ro code     0x8'536c       0x8  startup_MIMXRT685S_cm33.o [2]
    .text                 ro code     0x8'5374       0x8  startup_MIMXRT685S_cm33.o [2]
    .text                 ro code     0x8'537c       0x8  startup_MIMXRT685S_cm33.o [2]
    .text                 ro code     0x8'5384       0x8  startup_MIMXRT685S_cm33.o [2]
    .text                 ro code     0x8'538c       0x8  startup_MIMXRT685S_cm33.o [2]
    .text                 ro code     0x8'5394       0x8  startup_MIMXRT685S_cm33.o [2]
    .text                 ro code     0x8'539c       0x8  startup_MIMXRT685S_cm33.o [2]
    .text                 ro code     0x8'53a4       0x8  startup_MIMXRT685S_cm33.o [2]
    .text                 ro code     0x8'53ac       0x8  startup_MIMXRT685S_cm33.o [2]
    .text                 ro code     0x8'53b4       0x8  startup_MIMXRT685S_cm33.o [2]
    .text                 ro code     0x8'53bc       0x8  startup_MIMXRT685S_cm33.o [2]
    .text                 ro code     0x8'53c4       0x8  startup_MIMXRT685S_cm33.o [2]
    .text                 ro code     0x8'53cc       0x8  startup_MIMXRT685S_cm33.o [2]
    .text                 ro code     0x8'53d4       0x8  startup_MIMXRT685S_cm33.o [2]
    .text                 ro code     0x8'53dc       0x8  startup_MIMXRT685S_cm33.o [2]
    .text                 ro code     0x8'53e4       0x8  startup_MIMXRT685S_cm33.o [2]
    .text                 ro code     0x8'53ec       0x8  startup_MIMXRT685S_cm33.o [2]
    .text                 ro code     0x8'53f4       0x8  startup_MIMXRT685S_cm33.o [2]
    .text                 ro code     0x8'53fc       0x8  startup_MIMXRT685S_cm33.o [2]
    .text                 ro code     0x8'5404       0x8  startup_MIMXRT685S_cm33.o [2]
    .text                 ro code     0x8'540c       0x8  startup_MIMXRT685S_cm33.o [2]
    .text                 ro code     0x8'5414       0x8  startup_MIMXRT685S_cm33.o [2]
    .text                 ro code     0x8'541c       0x8  startup_MIMXRT685S_cm33.o [2]
    .text                 ro code     0x8'5424       0x8  startup_MIMXRT685S_cm33.o [2]
    .text                 ro code     0x8'542c       0x8  startup_MIMXRT685S_cm33.o [2]
    .text                 ro code     0x8'5434       0x8  startup_MIMXRT685S_cm33.o [2]
    .text                 ro code     0x8'543c       0x8  startup_MIMXRT685S_cm33.o [2]
    .text                 ro code     0x8'5444       0x8  startup_MIMXRT685S_cm33.o [2]
    .text                 ro code     0x8'544c       0x8  startup_MIMXRT685S_cm33.o [2]
    .text                 ro code     0x8'5454       0x8  startup_MIMXRT685S_cm33.o [2]
    .text                 ro code     0x8'545c       0x8  startup_MIMXRT685S_cm33.o [2]
    .text                 ro code     0x8'5464       0x8  startup_MIMXRT685S_cm33.o [2]
    .text                 ro code     0x8'546c       0x8  startup_MIMXRT685S_cm33.o [2]
    .text                 ro code     0x8'5474       0x8  startup_MIMXRT685S_cm33.o [2]
    .text                 ro code     0x8'547c       0x8  startup_MIMXRT685S_cm33.o [2]
    .text                 ro code     0x8'5484       0x8  startup_MIMXRT685S_cm33.o [2]
    .text                 ro code     0x8'548c       0x8  startup_MIMXRT685S_cm33.o [2]
    .text                 ro code     0x8'5494       0x8  startup_MIMXRT685S_cm33.o [2]
    .text                 ro code     0x8'549c       0x8  startup_MIMXRT685S_cm33.o [2]
    .text                 ro code     0x8'54a4       0x8  startup_MIMXRT685S_cm33.o [2]
    .text                 ro code     0x8'54ac       0x8  startup_MIMXRT685S_cm33.o [2]
    .text                 ro code     0x8'54b4       0x8  startup_MIMXRT685S_cm33.o [2]
    .text                 ro code     0x8'54bc       0x8  startup_MIMXRT685S_cm33.o [2]
    .text                 ro code     0x8'54c4       0x8  startup_MIMXRT685S_cm33.o [2]
    .text                 ro code     0x8'54cc       0xc  startup_MIMXRT685S_cm33.o [2]
    .text                 ro code     0x8'54d8     0x21c  system_MIMXRT685S_cm33.o [2]
    .text                 ro code     0x8'56f4       0x2  system_MIMXRT685S_cm33.o [2]
    .text                 ro code     0x8'56f6       0x2  startup_MIMXRT685S_cm33.o [2]
    .text                 ro code     0x8'56f8      0x22  fpinit_M.o [5]
    .text                 ro code     0x8'571a       0x2  startup_MIMXRT685S_cm33.o [2]
    .text                 ro code     0x8'571c      0x1e  cmain.o [6]
    .text                 ro code     0x8'573a       0x4  low_level_init.o [3]
    .text                 ro code     0x8'573e       0x2  startup_MIMXRT685S_cm33.o [2]
    .text                 ro code     0x8'5740      0x28  data_init.o [6]
    .text                 ro code     0x8'5768       0x4  exit.o [3]
    .text                 ro code     0x8'576c       0xa  cexit.o [6]
    .text                 ro code     0x8'5776       0x2  startup_MIMXRT685S_cm33.o [2]
    .text                 ro code     0x8'5778      0x14  exit.o [7]
    __dsp_data_section                0x8'578c    0xb8dc  <Block>
      __dsp_data_section  const       0x8'578c    0xb8dc  dsp_data_release.bin [1]
    __dsp_text_section                0x9'1068  0x2'0644  <Block>
      __dsp_text_section  const       0x9'1068  0x2'0644  dsp_text_release.bin [1]
    Initializer bytes     const       0xb'16ac      0x34  <for RW-1>
    Initializer bytes     const       0xb'16e0      0xd8  <for P2-P4-1>
    .text                 ro code     0xb'17b8       0xc  cstartup_M.o [6]
    .text                 ro code     0xb'17c4      0x3a  zero_init3.o [6]
    .text                 ro code     0xb'17fe      0x2e  copy_init3.o [6]
    .iar.init_table       const       0xb'182c      0x40  - Linker created -
    .rodata               const       0xb'186c       0x0  zero_init3.o [6]
    .rodata               const       0xb'186c       0x0  copy_init3.o [6]
                                    - 0xb'186c  0x3'173c

"P2-P4", part 1 of 3:                              0x10c
  P2-P4-1                          0x2018'0000      0xd8  <Init block>
    CodeQuickAccess       inited   0x2018'0000      0xd8  fsl_power_lib.o [4]
  RW                               0x2018'00d8      0x34  <Block>
    RW-1                           0x2018'00d8      0x34  <Init block>
      .data               inited   0x2018'00d8      0x24  main_cm.o [2]
      .data               inited   0x2018'00fc       0x8  main_cm.o [2]
      .data               inited   0x2018'0104       0x4  main_cm.o [2]
      .data               inited   0x2018'0108       0x4  system_MIMXRT685S_cm33.o [2]
                                 - 0x2018'010c     0x10c

"P2-P4", part 2 of 3:                               0xa0
  ZI                               0x2018'010c      0xa0  <Block>
    .bss                  zero     0x2018'010c       0x4  fsl_clock.o [2]
    .bss                  zero     0x2018'0110       0x4  fsl_clock.o [2]
    .bss                  zero     0x2018'0114       0x4  fsl_clock.o [2]
    .bss                  zero     0x2018'0118      0x1c  fsl_debug_console.o [2]
    .bss                  zero     0x2018'0134       0x4  fsl_debug_console.o [2]
    .bss                  zero     0x2018'0138      0x28  fsl_flexcomm.o [2]
    .bss                  zero     0x2018'0160      0x28  fsl_flexcomm.o [2]
    .bss                  zero     0x2018'0188       0x4  fsl_flexspi.o [2]
    .bss                  zero     0x2018'018c       0x4  fsl_flexspi.o [2]
    .bss                  zero     0x2018'0190       0xc  pmic_support.o [2]
    .bss                  zero     0x2018'019c       0xc  pmic_support.o [2]
    .bss                  zero     0x2018'01a8       0x1  main_cm.o [2]
    .bss                  zero     0x2018'01a9       0x1  pmic_support.o [2]
                                 - 0x2018'01ac      0xa0

"P2-P4", part 3 of 3:                                0xc
  DataQuickAccess         zero     0x2018'01ac       0x8  fsl_power_lib.o [4]
  DataQuickAccess         zero     0x2018'01b4       0x4  fsl_power_lib.o [4]
                                 - 0x2018'01b8       0xc

"P6":                                              0x400
  CSTACK                           0x201f'fc00     0x400  <Block>
    CSTACK                uninit   0x201f'fc00     0x400  <Block tail>
                                 - 0x2020'0000     0x400

Unused ranges:

         From           To      Size
         ----           --      ----
     0xb'186c    0x17'ffff  0xc'e794
  0x2018'01b8  0x201f'fbff  0x7'fa48


*******************************************************************************
*** INIT TABLE
***

          Address      Size
          -------      ----
Zero (__iar_zero_init3)
    2 destination ranges, total size 0xaa:
          0x2018'010c  0x9e
          0x2018'01ac   0xc

Copy (__iar_copy_init3)
    1 source range, total size 0x34:
             0xb'16ac  0x34
    1 destination range, total size 0x34:
          0x2018'00d8  0x34

Copy (__iar_copy_init3)
    1 source range, total size 0xd8:
             0xb'16e0  0xd8
    1 destination range, total size 0xd8:
          0x2018'0000  0xd8



*******************************************************************************
*** MODULE SUMMARY
***

    Module                     ro code  rw code  ro data  rw data
    ------                     -------  -------  -------  -------
command line/config:
    -------------------------------------------------------------
    Total:

C:\Users\nxf55062\Documents\MCU_SDK\RT600\SDK_2.8.0_EVK-MIMXRT685_RC2_0\boards\evkmimxrt685\dsp_examples\eight_channel_dmic_i2s_playback\cm33\iar/../../dsp/binary: [1]
    dsp_data_release.bin                          47'324
    dsp_text_release.bin                         132'676
    -------------------------------------------------------------
    Total:                                       180'000

C:\Users\nxf55062\Documents\MCU_SDK\RT600\SDK_2.8.0_EVK-MIMXRT685_RC2_0\boards\evkmimxrt685\dsp_examples\eight_channel_dmic_i2s_playback\cm33\iar\debug\obj: [2]
    board.o                        648                 4
    clock_config.o                 232                32
    dsp_support.o                  164
    flash_config.o                                   512
    flexcomm_i2c_adapter.o         312               172
    fsl_assert.o                    28                44
    fsl_clock.o                  2'800               428       12
    fsl_codec_adapter.o             68               168
    fsl_codec_common.o              48               140
    fsl_codec_i2c.o                156
    fsl_common.o                   112               152
    fsl_cs42888.o                1'308               364
    fsl_debug_console.o            544               212       32
    fsl_dsp.o                      208               188
    fsl_flexcomm.o                 876               544       80
    fsl_flexspi.o                   28                          8
    fsl_gpio.o                     302               320
    fsl_i2c.o                    1'164               148
    fsl_inputmux.o                  22
    fsl_pca9420.o                1'656               216
    fsl_reset.o                    414               128
    fsl_str.o                    1'196
    fsl_usart.o                    800               276
    main_cm.o                      376               314       49
    pin_mux.o                      312               112
    pmic_support.o                 324                 8       25
    serial_manager.o               556               188
    serial_port_uart.o             212               168
    startup_MIMXRT685S_cm33.o      860
    system_MIMXRT685S_cm33.o       542                 4        4
    usart_adapter.o                376               280
    -------------------------------------------------------------
    Total:                      16'644             5'122      210

dl7M_tln.a: [3]
    exit.o                           4
    low_level_init.o                 4
    -------------------------------------------------------------
    Total:                           8

iar_lib_power.a: [4]
    fsl_power_lib.o                208      216      216       12
    -------------------------------------------------------------
    Total:                         208      216      216       12

m7M_tls.a: [5]
    fpinit_M.o                      34
    -------------------------------------------------------------
    Total:                          34

rt7M_tl.a: [6]
    ABImemcpy.o                    134
    ABImemset.o                    102
    I64DivMod.o                    560
    I64DivZer.o                      2
    cexit.o                         10
    cmain.o                         30
    copy_init3.o                    46
    cstartup_M.o                    12
    data_init.o                     40
    strlen.o                        54
    zero_init3.o                    58
    -------------------------------------------------------------
    Total:                       1'048

shb_l.a: [7]
    exit.o                          20
    -------------------------------------------------------------
    Total:                          20

    Linker created                   8                64    1'024
-----------------------------------------------------------------
    Grand Total:                17'970      216  185'402    1'246


*******************************************************************************
*** ENTRY LIST
***

Entry                       Address      Size  Type      Object
-----                       -------      ----  ----      ------
.iar.init_table$$Base      0xb'182c             --   Gb  - Linker created -
.iar.init_table$$Limit     0xb'186c             --   Gb  - Linker created -
?main                      0x8'571d            Code  Gb  cmain.o [6]
BOARD_BootClockRUN         0x8'3c71      0xa8  Code  Gb  clock_config.o [2]
BOARD_CalcVoltLevel        0x8'3ed9      0x1a  Code  Lc  pmic_support.o [2]
BOARD_DSP_Init             0x8'3e19      0x70  Code  Gb  dsp_support.o [2]
BOARD_DeinitXip            0x8'132d      0x1a  Code  Gb  board.o [2]
BOARD_FlexspiClockSafeConfig
                           0x8'1453       0xc  Code  Gb  board.o [2]
BOARD_I2C_Init             0x8'145f      0x24  Code  Gb  board.o [2]
BOARD_I2C_Receive          0x8'14c5      0x42  Code  Gb  board.o [2]
BOARD_I2C_Send             0x8'1483      0x42  Code  Gb  board.o [2]
BOARD_InitDebugConsole     0x8'12fd      0x30  Code  Gb  board.o [2]
BOARD_InitPins             0x8'5213      0x7e  Code  Gb  pin_mux.o [2]
BOARD_InitPmic             0x8'3ef3      0x28  Code  Gb  pmic_support.o [2]
BOARD_InitXip              0x8'1347      0x82  Code  Gb  board.o [2]
BOARD_PMIC_I2C_Init        0x8'1507      0x12  Code  Gb  board.o [2]
BOARD_PMIC_I2C_Receive     0x8'153d      0x24  Code  Gb  board.o [2]
BOARD_PMIC_I2C_Send        0x8'1519      0x24  Code  Gb  board.o [2]
BOARD_SetFlexspiClock      0x8'13c9      0x8a  Code  Gb  board.o [2]
BOARD_SetPmicVoltageForFreq
                           0x8'3f1b      0xc2  Code  Gb  pmic_support.o [2]
BORAD_CodecReset           0x8'5117      0x28  Code  Gb  main_cm.o [2]
CLOCK_AttachClk            0x8'15d1      0x60  Code  Gb  fsl_clock.o [2]
CLOCK_EnableClock          0x8'31a5      0x72  Code  Lc  fsl_flexcomm.o [2]
CLOCK_EnableClock          0x8'4ec9      0x70  Code  Lc  fsl_gpio.o [2]
CLOCK_EnableClock          0x8'5011      0x70  Code  Lc  main_cm.o [2]
CLOCK_EnableClock          0x8'5189      0x70  Code  Lc  pin_mux.o [2]
CLOCK_EnableFfroClk        0x8'1b89      0xf0  Code  Gb  fsl_clock.o [2]
CLOCK_EnableSfroClk        0x8'1c81      0x62  Code  Gb  fsl_clock.o [2]
CLOCK_EnableSysOscClk      0x8'1fc1      0x3c  Code  Gb  fsl_clock.o [2]
CLOCK_GetAudioPfdFreq      0x8'180d      0x8c  Code  Gb  fsl_clock.o [2]
CLOCK_GetAudioPllClkFreq
                           0x8'1899      0x1a  Code  Lc  fsl_clock.o [2]
CLOCK_GetAudioPllFreq      0x8'17a5      0x68  Code  Gb  fsl_clock.o [2]
CLOCK_GetFFroFreq          0x8'1671      0x28  Code  Gb  fsl_clock.o [2]
CLOCK_GetFRGClock          0x8'191f     0x104  Code  Gb  fsl_clock.o [2]
CLOCK_GetFlexCommClkFreq
                           0x8'1a23      0x7e  Code  Gb  fsl_clock.o [2]
CLOCK_GetLpOscFreq         0x8'15b7       0x6  Code  Lc  fsl_clock.o [2]
CLOCK_GetMainClkFreq       0x8'18b3      0x6c  Code  Gb  fsl_clock.o [2]
CLOCK_GetMainPllClkFreq
                           0x8'178b      0x1a  Code  Lc  fsl_clock.o [2]
CLOCK_GetMclkInClkFreq     0x8'15af       0x8  Code  Lc  fsl_clock.o [2]
CLOCK_GetOsc32KFreq        0x8'15bd      0x14  Code  Lc  fsl_clock.o [2]
CLOCK_GetSFroFreq          0x8'1585       0x6  Code  Lc  fsl_clock.o [2]
CLOCK_GetSysPfdFreq        0x8'16ff      0x8c  Code  Gb  fsl_clock.o [2]
CLOCK_GetSysPllFreq        0x8'1699      0x66  Code  Gb  fsl_clock.o [2]
CLOCK_GetXtalInClkFreq     0x8'158b      0x24  Code  Lc  fsl_clock.o [2]
CLOCK_InitAudioPfd         0x8'1f57      0x60  Code  Gb  fsl_clock.o [2]
CLOCK_InitAudioPll         0x8'1e71      0xe6  Code  Gb  fsl_clock.o [2]
CLOCK_InitSysPfd           0x8'1df5      0x60  Code  Gb  fsl_clock.o [2]
CLOCK_InitSysPll           0x8'1cf1     0x102  Code  Gb  fsl_clock.o [2]
CLOCK_SetClkDiv            0x8'1631      0x40  Code  Gb  fsl_clock.o [2]
CLOCK_SetFRGClock          0x8'1add      0x96  Code  Gb  fsl_clock.o [2]
CLOCK_SetXtalFreq          0x8'3c59       0x6  Code  Lc  clock_config.o [2]
CODEC_I2C_Init             0x8'4de1      0x24  Code  Gb  fsl_codec_i2c.o [2]
CODEC_I2C_Receive          0x8'4e41      0x3c  Code  Gb  fsl_codec_i2c.o [2]
CODEC_I2C_Send             0x8'4e05      0x3c  Code  Gb  fsl_codec_i2c.o [2]
CODEC_Init                 0x8'4e7d      0x28  Code  Gb  fsl_codec_common.o [2]
CS42888_ConfigDataFormat
                           0x8'4aef     0x1be  Code  Gb  fsl_cs42888.o [2]
CS42888_DelayMs            0x8'48c5      0x38  Code  Lc  fsl_cs42888.o [2]
CS42888_Init               0x8'48fd     0x11e  Code  Gb  fsl_cs42888.o [2]
CS42888_ModifyReg          0x8'4d99      0x48  Code  Gb  fsl_cs42888.o [2]
CS42888_ReadReg            0x8'4d19      0x36  Code  Gb  fsl_cs42888.o [2]
CS42888_Reset              0x8'4a4b      0x30  Code  Lc  fsl_cs42888.o [2]
CS42888_SelectFunctionalMode
                           0x8'4a1b      0x30  Code  Gb  fsl_cs42888.o [2]
CS42888_SetAINVolume       0x8'4cad      0x36  Code  Gb  fsl_cs42888.o [2]
CS42888_SetProtocol        0x8'4a7b      0x74  Code  Gb  fsl_cs42888.o [2]
CS42888_WriteReg           0x8'4ce3      0x36  Code  Gb  fsl_cs42888.o [2]
CSTACK$$Base            0x201f'fc00             --   Gb  - Linker created -
CSTACK$$Limit           0x2020'0000             --   Gb  - Linker created -
ConvertRadixNumToString
                           0x8'2ebd      0xc8  Code  Lc  fsl_str.o [2]
DEMO_InitCS42888           0x8'50d3      0x44  Code  Lc  main_cm.o [2]
DSP_CopyImage              0x8'405b      0x56  Code  Gb  fsl_dsp.o [2]
DSP_Init                   0x8'4013      0x48  Code  Gb  fsl_dsp.o [2]
DSP_Start                  0x8'3e11       0x8  Code  Lc  dsp_support.o [2]
DbgConsole_Init            0x8'2111     0x116  Code  Gb  fsl_debug_console.o [2]
DbgConsole_PrintCallback
                           0x8'20d3      0x3e  Code  Lc  fsl_debug_console.o [2]
DbgConsole_Printf          0x8'2227      0x4a  Code  Gb  fsl_debug_console.o [2]
DbgConsole_SendDataReliable
                           0x8'2075      0x5e  Code  Gb  fsl_debug_console.o [2]
DelayLoop                  0x8'29d5       0xa  Code  Lc  fsl_common.o [2]
DisableGlobalIRQ           0x8'2a45       0x8  Code  Lc  serial_manager.o [2]
EnableGlobalIRQ            0x8'2a4d       0x6  Code  Lc  serial_manager.o [2]
FLEXCOMM0_DriverIRQHandler
                           0x8'3307      0x26  Code  Gb  fsl_flexcomm.o [2]
FLEXCOMM14_DriverIRQHandler
                           0x8'3437      0x38  Code  Gb  fsl_flexcomm.o [2]
FLEXCOMM15_DriverIRQHandler
                           0x8'3475      0x38  Code  Gb  fsl_flexcomm.o [2]
FLEXCOMM1_DriverIRQHandler
                           0x8'332d      0x26  Code  Gb  fsl_flexcomm.o [2]
FLEXCOMM2_DriverIRQHandler
                           0x8'3353      0x26  Code  Gb  fsl_flexcomm.o [2]
FLEXCOMM3_DriverIRQHandler
                           0x8'3379      0x26  Code  Gb  fsl_flexcomm.o [2]
FLEXCOMM4_DriverIRQHandler
                           0x8'339f      0x26  Code  Gb  fsl_flexcomm.o [2]
FLEXCOMM5_DriverIRQHandler
                           0x8'33c5      0x26  Code  Gb  fsl_flexcomm.o [2]
FLEXCOMM6_DriverIRQHandler
                           0x8'33eb      0x26  Code  Gb  fsl_flexcomm.o [2]
FLEXCOMM7_DriverIRQHandler
                           0x8'3411      0x26  Code  Gb  fsl_flexcomm.o [2]
FLEXCOMM_GetInstance       0x8'3253      0x30  Code  Gb  fsl_flexcomm.o [2]
FLEXCOMM_Init              0x8'32d7      0x30  Code  Gb  fsl_flexcomm.o [2]
FLEXCOMM_PeripheralIsPresent
                           0x8'3217      0x3c  Code  Lc  fsl_flexcomm.o [2]
FLEXCOMM_SetPeriph         0x8'3283      0x54  Code  Lc  fsl_flexcomm.o [2]
FLEXSPI_DriverIRQHandler
                           0x8'4ead      0x10  Code  Gb  fsl_flexspi.o [2]
GPIO_PinInit               0x8'4f99      0x5e  Code  Gb  fsl_gpio.o [2]
GPIO_PortClear             0x8'508d       0xc  Code  Lc  main_cm.o [2]
GPIO_PortInit              0x8'4f39      0x2e  Code  Gb  fsl_gpio.o [2]
GPIO_PortSet               0x8'5081       0xc  Code  Lc  main_cm.o [2]
HAL_CODEC_Init             0x8'4881      0x36  Code  Gb  fsl_codec_adapter.o [2]
HAL_I2cGetStatus           0x8'4749      0x4c  Code  Lc  flexcomm_i2c_adapter.o [2]
HAL_I2cMasterInit          0x8'4795      0x64  Code  Gb  flexcomm_i2c_adapter.o [2]
HAL_I2cMasterTransferBlocking
                           0x8'47f9      0x74  Code  Gb  flexcomm_i2c_adapter.o [2]
HAL_UartGetStatus          0x8'37c1      0x10  Code  Lc  usart_adapter.o [2]
HAL_UartInit               0x8'37d1      0xec  Code  Gb  usart_adapter.o [2]
HAL_UartSendBlocking       0x8'38bd      0x5a  Code  Gb  usart_adapter.o [2]
I2C_GetStatusFlags         0x8'2325       0x6  Code  Lc  fsl_i2c.o [2]
I2C_MasterClearStatusFlags
                           0x8'232b       0xa  Code  Lc  fsl_i2c.o [2]
I2C_MasterEnable           0x8'22fd      0x28  Code  Lc  fsl_i2c.o [2]
I2C_MasterGetDefaultConfig
                           0x8'234d      0x24  Code  Gb  fsl_i2c.o [2]
I2C_MasterInit             0x8'2371      0x24  Code  Gb  fsl_i2c.o [2]
I2C_MasterReadBlocking     0x8'25cf      0xb6  Code  Gb  fsl_i2c.o [2]
I2C_MasterRepeatedStart
                           0x8'2335      0x18  Code  Lc  fsl_i2c.o [2]
I2C_MasterSetBaudRate      0x8'2395      0xfa  Code  Gb  fsl_i2c.o [2]
I2C_MasterStart            0x8'24ab      0x32  Code  Gb  fsl_i2c.o [2]
I2C_MasterStop             0x8'24dd      0x1e  Code  Gb  fsl_i2c.o [2]
I2C_MasterTransferBlocking
                           0x8'2685      0xea  Code  Gb  fsl_i2c.o [2]
I2C_MasterWriteBlocking
                           0x8'24fb      0xd4  Code  Gb  fsl_i2c.o [2]
I2C_PendingStatusWait      0x8'248f      0x1c  Code  Lc  fsl_i2c.o [2]
INPUTMUX_AttachSignal      0x8'4ff9      0x16  Code  Gb  fsl_inputmux.o [2]
IOPCTL_PinMuxSet           0x8'51f9      0x1a  Code  Lc  pin_mux.o [2]
PCA9420_GetCurrentMode     0x8'45dd      0x6a  Code  Gb  fsl_pca9420.o [2]
PCA9420_GetDefaultConfig
                           0x8'40eb      0x70  Code  Gb  fsl_pca9420.o [2]
PCA9420_Init               0x8'415b     0x102  Code  Gb  fsl_pca9420.o [2]
PCA9420_ModeControlledByI2C
                           0x8'455f      0x7e  Code  Lc  fsl_pca9420.o [2]
PCA9420_ReadModeConfigs
                           0x8'43c5     0x19a  Code  Gb  fsl_pca9420.o [2]
PCA9420_ReadRegs           0x8'46b9      0x6c  Code  Gb  fsl_pca9420.o [2]
PCA9420_WriteModeConfigs
                           0x8'425d     0x160  Code  Gb  fsl_pca9420.o [2]
PCA9420_WriteRegs          0x8'4647      0x6c  Code  Gb  fsl_pca9420.o [2]
POWER_ApplyPD              0x8'3d7b      0x18  Code  Gb  fsl_power_lib.o [4]
POWER_DisableLVD           0x8'3d41      0x1e  Code  Gb  fsl_power_lib.o [4]
POWER_DisablePD            0x8'3c5f      0x12  Code  Lc  clock_config.o [2]
POWER_DisablePD            0x8'4001      0x12  Code  Lc  fsl_dsp.o [2]
POWER_EnterFbb          0x2018'0001      0x7c  Code  Gb  fsl_power_lib.o [4]
POWER_GetBodyBiasMode      0x8'3ebd      0x1c  Code  Lc  pmic_support.o [2]
POWER_GetLvdFallingTripVoltage
                           0x8'3db1       0xa  Code  Gb  fsl_power_lib.o [4]
POWER_GetPmicMode          0x8'40d1      0x1a  Code  Lc  fsl_pca9420.o [2]
POWER_RestoreLVD           0x8'3d5f      0x16  Code  Gb  fsl_power_lib.o [4]
POWER_SetLvdFallingTripVoltage
                           0x8'3d93      0x1e  Code  Gb  fsl_power_lib.o [4]
POWER_UpdateOscSettlingTime
                           0x8'3d75       0x6  Code  Gb  fsl_power_lib.o [4]
PrintGetPrecision          0x8'2d3f      0x52  Code  Lc  fsl_str.o [2]
PrintGetRadixFromobpu      0x8'2e91      0x2c  Code  Lc  fsl_str.o [2]
PrintGetWidth              0x8'2cf7      0x48  Code  Lc  fsl_str.o [2]
PrintIsdi                  0x8'2dbb      0x1a  Code  Lc  fsl_str.o [2]
PrintIsfF                  0x8'2e5d      0x1a  Code  Lc  fsl_str.o [2]
PrintIsobpu                0x8'2d91      0x2a  Code  Lc  fsl_str.o [2]
PrintIsxX                  0x8'2e77      0x1a  Code  Lc  fsl_str.o [2]
PrintOutputdifFobpu        0x8'2dd5      0x44  Code  Lc  fsl_str.o [2]
PrintOutputxX              0x8'2e19      0x44  Code  Lc  fsl_str.o [2]
RESET_ClearPeripheralReset
                           0x8'36b7      0xa2  Code  Gb  fsl_reset.o [2]
RESET_PeripheralReset      0x8'37a9      0x16  Code  Gb  fsl_reset.o [2]
RESET_SetPeripheralReset
                           0x8'3621      0x96  Code  Gb  fsl_reset.o [2]
RO$$Base                   0x8'0130             --   Gb  - Linker created -
RO$$Limit                  0xb'186c             --   Gb  - Linker created -
RW$$Base                0x2018'00d8             --   Gb  - Linker created -
RW$$Limit               0x2018'010c             --   Gb  - Linker created -
Region$$Table$$Base        0xb'182c             --   Gb  - Linker created -
Region$$Table$$Limit       0xb'186c             --   Gb  - Linker created -
SDK_DelayAtLeastUs         0x8'29df      0x54  Code  Gb  fsl_common.o [2]
SerialManager_Init         0x8'2aff      0x6a  Code  Gb  serial_manager.o [2]
SerialManager_OpenReadHandle
                           0x8'2bcb      0x70  Code  Gb  serial_manager.o [2]
SerialManager_OpenWriteHandle
                           0x8'2b69      0x62  Code  Gb  serial_manager.o [2]
SerialManager_StartWriting
                           0x8'2a53      0x2c  Code  Lc  serial_manager.o [2]
SerialManager_Write        0x8'2a7f      0x80  Code  Lc  serial_manager.o [2]
SerialManager_WriteBlocking
                           0x8'2c3b      0x14  Code  Gb  serial_manager.o [2]
Serial_UartInit            0x8'3515      0x6e  Code  Gb  serial_port_uart.o [2]
Serial_UartWrite           0x8'3583      0x52  Code  Gb  serial_port_uart.o [2]
StrFormatPrintf            0x8'2f85     0x21e  Code  Gb  fsl_str.o [2]
SystemCoreClock         0x2018'0108       0x4  Data  Gb  system_MIMXRT685S_cm33.o [2]
SystemCoreClockUpdate      0x8'5517      0xf6  Code  Gb  system_MIMXRT685S_cm33.o [2]
SystemInit                 0x8'5651      0xa4  Code  Wk  system_MIMXRT685S_cm33.o [2]
USART_EnableContinuousSCLK
                           0x8'3939      0x1c  Code  Lc  fsl_usart.o [2]
USART_GetDefaultConfig     0x8'3aad      0x64  Code  Gb  fsl_usart.o [2]
USART_Init                 0x8'3955     0x158  Code  Gb  fsl_usart.o [2]
USART_SetBaudRate          0x8'3b11      0xd6  Code  Gb  fsl_usart.o [2]
USART_WriteBlocking        0x8'3be7      0x5e  Code  Gb  fsl_usart.o [2]
ZI$$Base                0x2018'010c             --   Gb  - Linker created -
ZI$$Limit               0x2018'01ac             --   Gb  - Linker created -
__RAM_VECTOR_TABLE_SIZE {Abs}
                                0x0            Data  Gb  <internal module>
__VECTOR_RAM {Abs}         0x8'0000            Data  Gb  <internal module>
__VECTOR_TABLE {Abs}       0x8'0000            Data  Gb  <internal module>
__Vectors                  0x8'0000             --   Gb  startup_MIMXRT685S_cm33.o [2]
__Vectors_End              0x8'0130            Data  Gb  startup_MIMXRT685S_cm33.o [2]
__Vectors_Size {Abs}          0x130             --   Gb  startup_MIMXRT685S_cm33.o [2]
__aeabi_assert             0x8'29b9      0x1c  Code  Gb  fsl_assert.o [2]
__aeabi_ldiv0              0x8'3511            Code  Gb  I64DivZer.o [6]
__aeabi_memcpy4            0x8'2c71            Code  Gb  ABImemcpy.o [6]
__aeabi_memcpy8            0x8'2c71            Code  Gb  ABImemcpy.o [6]
__aeabi_memset             0x8'2295            Code  Gb  ABImemset.o [6]
__aeabi_uldivmod           0x8'2789            Code  Gb  I64DivMod.o [6]
__cmain                    0x8'571d            Code  Gb  cmain.o [6]
__dsp_data_bin             0x8'578c    0xb8dc  Data  Gb  dsp_data_release.bin [1]
__dsp_data_section$$Base
                           0x8'578c             --   Gb  - Linker created -
__dsp_data_section$$Limit
                           0x9'1068             --   Gb  - Linker created -
__dsp_text_bin             0x9'1068  0x2'0644  Data  Gb  dsp_text_release.bin [1]
__dsp_text_section$$Base
                           0x9'1068             --   Gb  - Linker created -
__dsp_text_section$$Limit
                           0xb'16ac             --   Gb  - Linker created -
__exit                     0x8'5779      0x14  Code  Gb  exit.o [7]
__iar_Memset               0x8'2295            Code  Gb  ABImemset.o [6]
__iar_Memset_word          0x8'229d            Code  Gb  ABImemset.o [6]
__iar_copy_init3           0xb'17ff      0x2e  Code  Gb  copy_init3.o [6]
__iar_data_init3           0x8'5741      0x28  Code  Gb  data_init.o [6]
__iar_init_vfp             0x8'56f9            Code  Gb  fpinit_M.o [5]
__iar_program_start        0xb'17b9            Code  Gb  cstartup_M.o [6]
__iar_zero_init3           0xb'17c5      0x3a  Code  Gb  zero_init3.o [6]
__low_level_init           0x8'573b       0x4  Code  Gb  low_level_init.o [3]
__vector_table             0x8'0000            Data  Gb  startup_MIMXRT685S_cm33.o [2]
__vector_table_0x1c        0x8'001c            Data  Gb  startup_MIMXRT685S_cm33.o [2]
_call_main                 0x8'5729            Code  Gb  cmain.o [6]
_exit                      0x8'576d            Code  Gb  cexit.o [6]
_main                      0x8'5737            Code  Gb  cmain.o [6]
boardCodecConfig        0x2018'00fc       0x8  Data  Gb  main_cm.o [2]
codecHandle             0x2018'0104       0x4  Data  Gb  main_cm.o [2]
codecHandleBuffer       0x2018'01a8       0x1  Data  Gb  main_cm.o [2]
cs42888Config           0x2018'00d8      0x24  Data  Gb  main_cm.o [2]
exit                       0x8'5769       0x4  Code  Gb  exit.o [3]
flexspi_config             0x7'f400     0x200  Data  Gb  flash_config.o [2]
g_audioPllConfig_BOARD_BootClockRUN
                           0x8'0144      0x10  Data  Gb  clock_config.o [2]
g_clkinFreq             0x2018'0110       0x4  Data  Gb  fsl_clock.o [2]
g_mclkFreq              0x2018'0114       0x4  Data  Gb  fsl_clock.o [2]
g_serialHandle          0x2018'0134       0x4  Data  Gb  fsl_debug_console.o [2]
g_sysPllConfig_BOARD_BootClockRUN
                           0x8'0134      0x10  Data  Gb  clock_config.o [2]
g_xtalFreq              0x2018'010c       0x4  Data  Gb  fsl_clock.o [2]
getFFroFreq                0x8'54f3      0x24  Code  Lc  system_MIMXRT685S_cm33.o [2]
getOscClk                  0x8'54d9      0x1a  Code  Lc  system_MIMXRT685S_cm33.o [2]
lvdChangeFlag           0x2018'01b4       0x4  Data  Lc  fsl_power_lib.o [4]
main                       0x8'5099      0x3a  Code  Gb  main_cm.o [2]
oscSettlingTime         0x2018'01ac       0x4  Data  Lc  fsl_power_lib.o [4]
pca9420CurrMode         0x2018'01a9       0x1  Data  Lc  pmic_support.o [2]
pca9420CurrModeCfg      0x2018'019c       0xc  Data  Lc  pmic_support.o [2]
pca9420Handle           0x2018'0190       0xc  Data  Gb  pmic_support.o [2]
pca9420VoltLevel           0x8'1078       0x8  Data  Lc  pmic_support.o [2]
pmicVddcoreRecoveryTime
                        0x2018'01b0       0x4  Data  Lc  fsl_power_lib.o [4]
powerDspFreqLevel          0x8'3df0      0x20  Data  Gb  fsl_power_lib.o [4]
powerMainFreqLevel         0x8'3dd0      0x20  Data  Gb  fsl_power_lib.o [4]
s_UsartAdapterBase         0x8'12dc      0x20  Data  Lc  usart_adapter.o [2]
s_cs42888_capability       0x8'0474       0xc  Data  Lc  fsl_codec_adapter.o [2]
s_debugConsoleState     0x2018'0118      0x1c  Data  Lc  fsl_debug_console.o [2]
s_flexcommBaseAddrs        0x8'0a70      0x28  Data  Lc  fsl_flexcomm.o [2]
s_flexcommClocks           0x8'0a98      0x14  Data  Lc  fsl_flexcomm.o [2]
s_flexcommHandle        0x2018'0160      0x28  Data  Lc  fsl_flexcomm.o [2]
s_flexcommIrqHandler    0x2018'0138      0x28  Data  Lc  fsl_flexcomm.o [2]
s_flexcommResets           0x8'0aac      0x14  Data  Lc  fsl_flexcomm.o [2]
s_flexspiHandle         0x2018'0188       0x4  Data  Lc  fsl_flexspi.o [2]
s_flexspiIsr            0x2018'018c       0x4  Data  Lc  fsl_flexspi.o [2]
s_gpioClockName            0x8'0be0      0x10  Data  Lc  fsl_gpio.o [2]
s_gpioResets               0x8'0bf0      0x10  Data  Lc  fsl_gpio.o [2]
s_i2cBases                 0x8'01dc      0x24  Data  Lc  flexcomm_i2c_adapter.o [2]
strlen                     0x8'35e9            Code  Gb  strlen.o [6]


[1] = C:\Users\nxf55062\Documents\MCU_SDK\RT600\SDK_2.8.0_EVK-MIMXRT685_RC2_0\boards\evkmimxrt685\dsp_examples\eight_channel_dmic_i2s_playback\cm33\iar/../../dsp/binary
[2] = C:\Users\nxf55062\Documents\MCU_SDK\RT600\SDK_2.8.0_EVK-MIMXRT685_RC2_0\boards\evkmimxrt685\dsp_examples\eight_channel_dmic_i2s_playback\cm33\iar\debug\obj
[3] = dl7M_tln.a
[4] = iar_lib_power.a
[5] = m7M_tls.a
[6] = rt7M_tl.a
[7] = shb_l.a

   17'970 bytes of readonly  code memory
      216 bytes of readwrite code memory
  185'402 bytes of readonly  data memory
    1'246 bytes of readwrite data memory

Errors: none
Warnings: none
